[2025-10-08 17:35:54] ✅ ete
[2025-10-08 17:57:17] ✅ ete
[2025-10-08 17:57:27] ✅ ete
[2025-10-08 18:06:33] ✅ ete
✅ OK: Command executed succesfully. mkdir samper
❌ ERROR: Command failure: rm cz
🔍 Error Details: rm: cannot remove 'cz': No such file or directory
❌ ERROR: Command failure: rm cz
🔍 Error Details: rm: cannot remove 'cz': No such file or directory
[2025-10-08 18:15:53] Executing: rm cz
❌ ERROR: Command failure: rm cz
🔍 Error Details: rm: cannot remove 'cz': No such file or directory
[2025-10-08 18:16:35] Executing: rm cz
[2025-10-08 18:16:35] ❌ ERROR: Command failure: rm cz
[2025-10-08 18:16:35] 🔍 Error Details: rm: cannot remove 'cz': No such file or directory
[2025-10-08 18:17:12] Executing: rm cz
[2025-10-08 18:17:12] ❌ ERROR: Command failure: rm cz: rm: cannot remove 'cz': No such file or directory 
[2025-10-08 18:17:34] Executing: rm cz
[2025-10-08 18:17:34] ❌ ERROR: Command failure rm cz: rm: cannot remove 'cz': No such file or directory 
[2025-10-08 18:23:36] Executing: apt update
[2025-10-08 18:23:44]  ✅ OK: Command executed succesfully. apt update
[2025-10-08 18:24:09] Executing: apt update
[2025-10-08 18:24:11]  ✅ OK: Command executed succesfully. apt update
[2025-10-08 18:24:12] Executing: date
[2025-10-08 18:24:12]  ✅ OK: Command executed succesfully. date
[2025-10-08 19:59:47] Executing: apt update
[2025-10-08 19:59:49]  ✅ OK: Command executed succesfully. apt update
[2025-10-08 20:00:42] Executing: apt update
[2025-10-08 20:00:44]  ✅ OK: Command executed succesfully. apt update
[2025-10-08 20:01:27] Executing: apt update
[2025-10-08 20:01:29]  ✅ OK: Command executed succesfully. apt update
[2025-10-08 20:02:12] Executing: apt update
[2025-10-08 20:02:14]  ✅ OK: Command executed succesfully. apt update
[2025-10-08 20:05:13] Executing: apt update
[2025-10-08 20:05:15]  ✅ OK: Command executed succesfully. apt update
