[2026-01-05 20:58:27] 🔍 Verificando estado de los paquetes solicitados...
[2026-01-05 20:58:27] ✅ El paquete 'ca-certificates' ya está instalado.
[2026-01-05 20:58:27] ✅ El paquete 'curl' ya está instalado.
[2026-01-05 20:58:28] ✅ El paquete 'gnupg' ya está instalado.
[2026-01-05 20:58:28] ✅ El paquete 'lsb-release' ya está instalado.
[2026-01-05 20:58:28] 👍 No hay paquetes nuevos para instalar.
[2026-01-05 20:58:28] 📊 Resumen final:
[2026-01-05 20:58:28] ✅ Instalados en esta ejecución: 0
[2026-01-05 20:58:28] ❌ Fallidos: 0
[2026-01-05 20:58:28] ℹ️ Ya estaban instalados: 4
[2026-01-05 20:58:28] 📝 Revisa 'install.log' para más detalles.
[2026-01-05 20:58:30] 🔍 Verificando estado de los paquetes solicitados...
[2026-01-05 20:58:30] ✅ El paquete 'python3-dnspython' ya está instalado.
[2026-01-05 20:58:30] ✅ El paquete 'python3-pip' ya está instalado.
[2026-01-05 20:58:30] ✅ El paquete 'uwsgi-plugin-python3' ya está instalado.
[2026-01-05 20:58:30] ✅ El paquete 'postgresql-client' ya está instalado.
[2026-01-05 20:58:30] 👍 No hay paquetes nuevos para instalar.
[2026-01-05 20:58:30] 📊 Resumen final:
[2026-01-05 20:58:30] ✅ Instalados en esta ejecución: 0
[2026-01-05 20:58:30] ❌ Fallidos: 0
[2026-01-05 20:58:30] ℹ️ Ya estaban instalados: 4
[2026-01-05 20:58:30] 📝 Revisa 'install.log' para más detalles.
[2026-01-05 20:58:47] 🔍 Verificando estado de los paquetes solicitados...
[2026-01-05 20:58:47] ✅ El paquete 'postfix' ya está instalado.
[2026-01-05 20:58:47] 👍 No hay paquetes nuevos para instalar.
[2026-01-05 20:58:47] 📊 Resumen final:
[2026-01-05 20:58:47] ✅ Instalados en esta ejecución: 0
[2026-01-05 20:58:47] ❌ Fallidos: 0
[2026-01-05 20:58:47] ℹ️ Ya estaban instalados: 1
[2026-01-05 20:58:47] 📝 Revisa 'install.log' para más detalles.
[2026-01-05 20:58:59] 🔍 Verificando estado de los paquetes solicitados...
[2026-01-05 20:58:59] ✅ El paquete 'pgbouncer' ya está instalado.
[2026-01-05 20:58:59] ✅ El paquete 'omniorb-nameserver' ya está instalado.
[2026-01-05 20:59:00] ✅ El paquete 'omniorb' ya está instalado.
[2026-01-05 20:59:00] ✅ El paquete 'cdnskey-scanner' ya está instalado.
[2026-01-05 20:59:00] ✅ El paquete 'apache2' ya está instalado.
[2026-01-05 20:59:00] 👍 No hay paquetes nuevos para instalar.
[2026-01-05 20:59:00] 📊 Resumen final:
[2026-01-05 20:59:00] ✅ Instalados en esta ejecución: 0
[2026-01-05 20:59:00] ❌ Fallidos: 0
[2026-01-05 20:59:00] ℹ️ Ya estaban instalados: 5
[2026-01-05 20:59:00] 📝 Revisa 'install.log' para más detalles.
[2026-01-05 20:59:09] 🔍 Verificando estado de los paquetes solicitados...
[2026-01-05 20:59:09] 📝 El paquete 'pyfred-genzone' se instalará.
[2026-01-05 20:59:09] 📝 El paquete 'pyfred-test-mailer' se instalará.
[2026-01-05 20:59:09] 📦 Iniciando instalación de: pyfred-genzone pyfred-test-mailer
[2026-01-05 20:59:33] ✅ Todos los paquetes nuevos fueron instalados correctamente.
[2026-01-05 20:59:33] 📊 Resumen final:
[2026-01-05 20:59:33] ✅ Instalados en esta ejecución: 2
[2026-01-05 20:59:33] ❌ Fallidos: 0
[2026-01-05 20:59:33] ℹ️ Ya estaban instalados: 0
[2026-01-05 20:59:33] 📝 Revisa 'install.log' para más detalles.
[2026-01-05 20:59:35] 🔍 Verificando estado de los paquetes solicitados...
[2026-01-05 20:59:35] 📝 El paquete 'python3-pydantic' se instalará.
[2026-01-05 20:59:35] 📝 El paquete 'python3-fred-epplib' se instalará.
[2026-01-05 20:59:35] 📝 El paquete 'python3-django-secretary' se instalará.
[2026-01-05 20:59:35] 📦 Iniciando instalación de: python3-pydantic python3-fred-epplib python3-django-secretary
[2026-01-05 21:01:56] ✅ Todos los paquetes nuevos fueron instalados correctamente.
[2026-01-05 21:01:56] 📊 Resumen final:
[2026-01-05 21:01:56] ✅ Instalados en esta ejecución: 3
[2026-01-05 21:01:56] ❌ Fallidos: 0
[2026-01-05 21:01:56] ℹ️ Ya estaban instalados: 0
[2026-01-05 21:01:56] 📝 Revisa 'install.log' para más detalles.
[2026-01-05 21:02:04] 🔍 Verificando estado de los paquetes solicitados...
[2026-01-05 21:02:04] 📝 El paquete 'fred-backend-logger' se instalará.
[2026-01-05 21:02:04] 📝 El paquete 'fred-backend-logger-corba' se instalará.
[2026-01-05 21:02:04] 📝 El paquete 'fred-rifd' se instalará.
[2026-01-05 21:02:04] 📦 Iniciando instalación de: fred-backend-logger fred-backend-logger-corba fred-rifd
[2026-01-05 21:02:38] ✅ Todos los paquetes nuevos fueron instalados correctamente.
[2026-01-05 21:02:38] 📊 Resumen final:
[2026-01-05 21:02:38] ✅ Instalados en esta ejecución: 3
[2026-01-05 21:02:38] ❌ Fallidos: 0
[2026-01-05 21:02:38] ℹ️ Ya estaban instalados: 0
[2026-01-05 21:02:38] 📝 Revisa 'install.log' para más detalles.
[2026-01-05 21:02:40] 🔍 Verificando estado de los paquetes solicitados...
[2026-01-05 21:02:40] 📝 El paquete 'libapache2-mod-corba' se instalará.
[2026-01-05 21:02:40] 📝 El paquete 'libapache2-mod-eppd' se instalará.
[2026-01-05 21:02:40] 📦 Iniciando instalación de: libapache2-mod-corba libapache2-mod-eppd
[2026-01-05 21:02:48] ✅ Todos los paquetes nuevos fueron instalados correctamente.
[2026-01-05 21:02:48] 📊 Resumen final:
[2026-01-05 21:02:48] ✅ Instalados en esta ejecución: 2
[2026-01-05 21:02:48] ❌ Fallidos: 0
[2026-01-05 21:02:48] ℹ️ Ya estaban instalados: 0
[2026-01-05 21:02:48] 📝 Revisa 'install.log' para más detalles.
